// Jest Snapshot v1, https://goo.gl/fbAQLP

exports[`Hello component renders learn react link 1`] = `
<h1>
  Hello world!
</h1>
`;
